DEBUG 2026-06-09 15:34:10 rt_utils.py:241 Third-party plugin import summary: imported=[] failed=[]
DEBUG 2026-06-09 15:34:10 d_metavar.py:22 Metavar for type None: None
DEBUG 2026-06-09 15:34:10 formatter.py:52 action type: None, Result: , nargs: 0, default metavar: None
DEBUG 2026-06-09 15:34:10 d_metavar.py:22 Metavar for type <class 'str'>: str
DEBUG 2026-06-09 15:34:10 formatter.py:52 action type: <class 'str'>, Result: str, nargs: None, default metavar: None
DEBUG 2026-06-09 15:34:10 _wrapper.py:168 wrapped field at policy_type has a default value of None
DEBUG 2026-06-09 15:34:10 _wrapper.py:168 wrapped field at pretrained_name_or_path has a default value of None
DEBUG 2026-06-09 15:34:10 _wrapper.py:168 wrapped field at actions_per_chunk has a default value of None
DEBUG 2026-06-09 15:34:10 _wrapper.py:168 wrapped field at task has a default value of 
DEBUG 2026-06-09 15:34:10 _wrapper.py:168 wrapped field at server_address has a default value of localhost:8080
DEBUG 2026-06-09 15:34:10 _wrapper.py:168 wrapped field at policy_device has a default value of cpu
DEBUG 2026-06-09 15:34:10 _wrapper.py:168 wrapped field at client_device has a default value of cpu
DEBUG 2026-06-09 15:34:10 _wrapper.py:168 wrapped field at chunk_size_threshold has a default value of 0.5
DEBUG 2026-06-09 15:34:10 _wrapper.py:168 wrapped field at fps has a default value of 30
DEBUG 2026-06-09 15:34:10 _wrapper.py:168 wrapped field at aggregate_fn_name has a default value of weighted_average
DEBUG 2026-06-09 15:34:10 _wrapper.py:168 wrapped field at debug_visualize_queue_size has a default value of False
DEBUG 2026-06-09 15:34:10 _wrapper.py:309 Arg options for field 'policy_type': {'required': False, 'dest': 'policy_type', 'default': None, 'help': 'Policy configuration', 'type': <class 'str'>}
DEBUG 2026-06-09 15:34:10 _wrapper.py:309 Arg options for field 'pretrained_name_or_path': {'required': False, 'dest': 'pretrained_name_or_path', 'default': None, 'type': <class 'str'>}
DEBUG 2026-06-09 15:34:10 d_metavar.py:22 Metavar for type <class 'str'>: str
DEBUG 2026-06-09 15:34:10 formatter.py:52 action type: <class 'str'>, Result: str, nargs: None, default metavar: None
DEBUG 2026-06-09 15:34:10 _wrapper.py:168 wrapped field at robot.port has a default value of None
DEBUG 2026-06-09 15:34:10 _wrapper.py:168 wrapped field at robot.disable_torque_on_disconnect has a default value of True
DEBUG 2026-06-09 15:34:10 _wrapper.py:201 wrapped field at robot.max_relative_target has a default value of None
DEBUG 2026-06-09 15:34:10 _wrapper.py:201 wrapped field at robot.cameras has a default value of {}
DEBUG 2026-06-09 15:34:10 _wrapper.py:168 wrapped field at robot.use_degrees has a default value of True
DEBUG 2026-06-09 15:34:10 _wrapper.py:201 wrapped field at robot.id has a default value of None
DEBUG 2026-06-09 15:34:10 _wrapper.py:201 wrapped field at robot.calibration_dir has a default value of None
DEBUG 2026-06-09 15:34:10 _wrapper.py:168 wrapped field at robot.port has a default value of None
DEBUG 2026-06-09 15:34:10 _wrapper.py:168 wrapped field at robot.disable_torque_on_disconnect has a default value of True
DEBUG 2026-06-09 15:34:10 _wrapper.py:201 wrapped field at robot.max_relative_target has a default value of None
DEBUG 2026-06-09 15:34:10 _wrapper.py:201 wrapped field at robot.cameras has a default value of {}
DEBUG 2026-06-09 15:34:10 _wrapper.py:168 wrapped field at robot.use_degrees has a default value of True
DEBUG 2026-06-09 15:34:10 _wrapper.py:201 wrapped field at robot.id has a default value of None
DEBUG 2026-06-09 15:34:10 _wrapper.py:201 wrapped field at robot.calibration_dir has a default value of None
DEBUG 2026-06-09 15:34:10 _wrapper.py:201 wrapped field at robot.id has a default value of None
DEBUG 2026-06-09 15:34:10 _wrapper.py:201 wrapped field at robot.calibration_dir has a default value of None
DEBUG 2026-06-09 15:34:10 _wrapper.py:168 wrapped field at robot.left_arm_config.port has a default value of None
DEBUG 2026-06-09 15:34:10 _wrapper.py:168 wrapped field at robot.left_arm_config.disable_torque_on_disconnect has a default value of True
DEBUG 2026-06-09 15:34:10 _wrapper.py:201 wrapped field at robot.left_arm_config.max_relative_target has a default value of None
DEBUG 2026-06-09 15:34:10 _wrapper.py:201 wrapped field at robot.left_arm_config.cameras has a default value of {}
DEBUG 2026-06-09 15:34:10 _wrapper.py:168 wrapped field at robot.left_arm_config.use_degrees has a default value of True
DEBUG 2026-06-09 15:34:10 _wrapper.py:168 wrapped field at robot.right_arm_config.port has a default value of None
DEBUG 2026-06-09 15:34:10 _wrapper.py:168 wrapped field at robot.right_arm_config.disable_torque_on_disconnect has a default value of True
DEBUG 2026-06-09 15:34:10 _wrapper.py:201 wrapped field at robot.right_arm_config.max_relative_target has a default value of None
DEBUG 2026-06-09 15:34:10 _wrapper.py:201 wrapped field at robot.right_arm_config.cameras has a default value of {}
DEBUG 2026-06-09 15:34:10 _wrapper.py:168 wrapped field at robot.right_arm_config.use_degrees has a default value of True
DEBUG 2026-06-09 15:34:10 _wrapper.py:201 wrapped field at robot.top_cameras has a default value of {}
DEBUG 2026-06-09 15:34:10 _wrapper.py:201 wrapped field at robot.id has a default value of None
DEBUG 2026-06-09 15:34:10 _wrapper.py:201 wrapped field at robot.calibration_dir has a default value of None
DEBUG 2026-06-09 15:34:10 _wrapper.py:168 wrapped field at robot.port has a default value of None
DEBUG 2026-06-09 15:34:10 _wrapper.py:168 wrapped field at robot.disable_torque_on_disconnect has a default value of True
DEBUG 2026-06-09 15:34:10 _wrapper.py:201 wrapped field at robot.max_relative_target has a default value of None
DEBUG 2026-06-09 15:34:10 _wrapper.py:201 wrapped field at robot.cameras has a default value of {}
DEBUG 2026-06-09 15:34:10 _wrapper.py:168 wrapped field at robot.use_degrees has a default value of False
DEBUG 2026-06-09 15:34:10 _wrapper.py:201 wrapped field at robot.id has a default value of None
DEBUG 2026-06-09 15:34:10 _wrapper.py:201 wrapped field at robot.calibration_dir has a default value of None
DEBUG 2026-06-09 15:34:10 _wrapper.py:168 wrapped field at robot.port has a default value of None
DEBUG 2026-06-09 15:34:10 _wrapper.py:168 wrapped field at robot.disable_torque_on_disconnect has a default value of True
DEBUG 2026-06-09 15:34:10 _wrapper.py:201 wrapped field at robot.max_relative_target has a default value of None
DEBUG 2026-06-09 15:34:10 _wrapper.py:201 wrapped field at robot.cameras has a default value of {}
DEBUG 2026-06-09 15:34:10 _wrapper.py:168 wrapped field at robot.use_degrees has a default value of False
DEBUG 2026-06-09 15:34:10 docstring.py:65 Couldn't find the attribute docstring: could not find class definition
DEBUG 2026-06-09 15:34:10 _wrapper.py:309 Arg options for field 'port': {'required': False, 'dest': 'robot.port', 'default': None, 'type': <class 'str'>}
DEBUG 2026-06-09 15:34:10 docstring.py:65 Couldn't find the attribute docstring: could not find class definition
DEBUG 2026-06-09 15:34:10 _wrapper.py:309 Arg options for field 'disable_torque_on_disconnect': {'required': False, 'dest': 'robot.disable_torque_on_disconnect', 'default': True, 'help': ' ', 'type': <class 'bool'>}
DEBUG 2026-06-09 15:34:10 docstring.py:65 Couldn't find the attribute docstring: could not find class definition
DEBUG 2026-06-09 15:34:10 _wrapper.py:309 Arg options for field 'max_relative_target': {'required': False, 'dest': 'robot.max_relative_target', 'default': None, 'type': typing.Union[float, typing.Dict[str, float], NoneType]}
DEBUG 2026-06-09 15:34:10 docstring.py:65 Couldn't find the attribute docstring: could not find class definition
DEBUG 2026-06-09 15:34:10 _wrapper.py:309 Arg options for field 'cameras': {'required': False, 'dest': 'robot.cameras', 'default': {}, 'help': ' ', 'type': typing.Dict[str, lerobot.cameras.configs.CameraConfig]}
DEBUG 2026-06-09 15:34:10 docstring.py:65 Couldn't find the attribute docstring: could not find class definition
DEBUG 2026-06-09 15:34:10 _wrapper.py:309 Arg options for field 'use_degrees': {'required': False, 'dest': 'robot.use_degrees', 'default': True, 'help': ' ', 'type': <class 'bool'>}
DEBUG 2026-06-09 15:34:10 _wrapper.py:309 Arg options for field 'id': {'required': False, 'dest': 'robot.id', 'default': None, 'help': 'Allows to distinguish between different robots of the same type', 'type': typing.Optional[str]}
DEBUG 2026-06-09 15:34:10 _wrapper.py:309 Arg options for field 'calibration_dir': {'required': False, 'dest': 'robot.calibration_dir', 'default': None, 'help': 'Directory to store calibration file', 'type': typing.Optional[pathlib.Path]}
DEBUG 2026-06-09 15:34:10 docstring.py:65 Couldn't find the attribute docstring: could not find class definition
DEBUG 2026-06-09 15:34:10 _wrapper.py:309 Arg options for field 'port': {'required': False, 'dest': 'robot.port', 'default': None, 'type': <class 'str'>}
DEBUG 2026-06-09 15:34:10 docstring.py:65 Couldn't find the attribute docstring: could not find class definition
DEBUG 2026-06-09 15:34:10 _wrapper.py:309 Arg options for field 'disable_torque_on_disconnect': {'required': False, 'dest': 'robot.disable_torque_on_disconnect', 'default': True, 'help': ' ', 'type': <class 'bool'>}
DEBUG 2026-06-09 15:34:10 docstring.py:65 Couldn't find the attribute docstring: could not find class definition
DEBUG 2026-06-09 15:34:10 _wrapper.py:309 Arg options for field 'max_relative_target': {'required': False, 'dest': 'robot.max_relative_target', 'default': None, 'type': typing.Union[float, typing.Dict[str, float], NoneType]}
DEBUG 2026-06-09 15:34:10 docstring.py:65 Couldn't find the attribute docstring: could not find class definition
DEBUG 2026-06-09 15:34:10 _wrapper.py:309 Arg options for field 'cameras': {'required': False, 'dest': 'robot.cameras', 'default': {}, 'help': ' ', 'type': typing.Dict[str, lerobot.cameras.configs.CameraConfig]}
DEBUG 2026-06-09 15:34:10 docstring.py:65 Couldn't find the attribute docstring: could not find class definition
DEBUG 2026-06-09 15:34:10 _wrapper.py:309 Arg options for field 'use_degrees': {'required': False, 'dest': 'robot.use_degrees', 'default': True, 'help': ' ', 'type': <class 'bool'>}
DEBUG 2026-06-09 15:34:10 _wrapper.py:309 Arg options for field 'id': {'required': False, 'dest': 'robot.id', 'default': None, 'help': 'Allows to distinguish between different robots of the same type', 'type': typing.Optional[str]}
DEBUG 2026-06-09 15:34:10 _wrapper.py:309 Arg options for field 'calibration_dir': {'required': False, 'dest': 'robot.calibration_dir', 'default': None, 'help': 'Directory to store calibration file', 'type': typing.Optional[pathlib.Path]}
DEBUG 2026-06-09 15:34:10 _wrapper.py:309 Arg options for field 'id': {'required': False, 'dest': 'robot.id', 'default': None, 'help': 'Allows to distinguish between different robots of the same type', 'type': typing.Optional[str]}
DEBUG 2026-06-09 15:34:10 _wrapper.py:309 Arg options for field 'calibration_dir': {'required': False, 'dest': 'robot.calibration_dir', 'default': None, 'help': 'Directory to store calibration file', 'type': typing.Optional[pathlib.Path]}
DEBUG 2026-06-09 15:34:10 d_metavar.py:22 Metavar for type <class 'str'>: str
DEBUG 2026-06-09 15:34:10 formatter.py:52 action type: <class 'str'>, Result: str, nargs: None, default metavar: None
DEBUG 2026-06-09 15:34:10 _wrapper.py:309 Arg options for field 'port': {'required': False, 'dest': 'robot.left_arm_config.port', 'default': None, 'help': 'Port to connect to the arm', 'type': <class 'str'>}
DEBUG 2026-06-09 15:34:10 _wrapper.py:309 Arg options for field 'disable_torque_on_disconnect': {'required': False, 'dest': 'robot.left_arm_config.disable_torque_on_disconnect', 'default': True, 'help': ' ', 'type': <class 'bool'>}
DEBUG 2026-06-09 15:34:10 _wrapper.py:309 Arg options for field 'max_relative_target': {'required': False, 'dest': 'robot.left_arm_config.max_relative_target', 'default': None, 'help': '`max_relative_target` limits the magnitude of the relative positional target vector for safety purposes.\nSet this to a positive scalar to have the same value for all motors, or a dictionary that maps motor\nnames to the max_relative_target value for that motor.', 'type': typing.Union[float, typing.Dict[str, float], NoneType]}
DEBUG 2026-06-09 15:34:10 _wrapper.py:309 Arg options for field 'cameras': {'required': False, 'dest': 'robot.left_arm_config.cameras', 'default': {}, 'help': 'cameras', 'type': typing.Dict[str, lerobot.cameras.configs.CameraConfig]}
DEBUG 2026-06-09 15:34:10 _wrapper.py:309 Arg options for field 'use_degrees': {'required': False, 'dest': 'robot.left_arm_config.use_degrees', 'default': True, 'help': 'Set to `True` for backward compatibility with previous policies/dataset', 'type': <class 'bool'>}
DEBUG 2026-06-09 15:34:10 d_metavar.py:22 Metavar for type <class 'str'>: str
DEBUG 2026-06-09 15:34:10 formatter.py:52 action type: <class 'str'>, Result: str, nargs: None, default metavar: None
DEBUG 2026-06-09 15:34:10 _wrapper.py:309 Arg options for field 'port': {'required': False, 'dest': 'robot.right_arm_config.port', 'default': None, 'help': 'Port to connect to the arm', 'type': <class 'str'>}
DEBUG 2026-06-09 15:34:10 _wrapper.py:309 Arg options for field 'disable_torque_on_disconnect': {'required': False, 'dest': 'robot.right_arm_config.disable_torque_on_disconnect', 'default': True, 'help': ' ', 'type': <class 'bool'>}
DEBUG 2026-06-09 15:34:10 _wrapper.py:309 Arg options for field 'max_relative_target': {'required': False, 'dest': 'robot.right_arm_config.max_relative_target', 'default': None, 'help': '`max_relative_target` limits the magnitude of the relative positional target vector for safety purposes.\nSet this to a positive scalar to have the same value for all motors, or a dictionary that maps motor\nnames to the max_relative_target value for that motor.', 'type': typing.Union[float, typing.Dict[str, float], NoneType]}
DEBUG 2026-06-09 15:34:10 _wrapper.py:309 Arg options for field 'cameras': {'required': False, 'dest': 'robot.right_arm_config.cameras', 'default': {}, 'help': 'cameras', 'type': typing.Dict[str, lerobot.cameras.configs.CameraConfig]}
DEBUG 2026-06-09 15:34:10 _wrapper.py:309 Arg options for field 'use_degrees': {'required': False, 'dest': 'robot.right_arm_config.use_degrees', 'default': True, 'help': 'Set to `True` for backward compatibility with previous policies/dataset', 'type': <class 'bool'>}
DEBUG 2026-06-09 15:34:10 _wrapper.py:309 Arg options for field 'top_cameras': {'required': False, 'dest': 'robot.top_cameras', 'default': {}, 'help': ' ', 'type': typing.Dict[str, lerobot.cameras.configs.CameraConfig]}
DEBUG 2026-06-09 15:34:10 _wrapper.py:309 Arg options for field 'id': {'required': False, 'dest': 'robot.id', 'default': None, 'help': 'Allows to distinguish between different robots of the same type', 'type': typing.Optional[str]}
DEBUG 2026-06-09 15:34:10 _wrapper.py:309 Arg options for field 'calibration_dir': {'required': False, 'dest': 'robot.calibration_dir', 'default': None, 'help': 'Directory to store calibration file', 'type': typing.Optional[pathlib.Path]}
DEBUG 2026-06-09 15:34:10 _wrapper.py:309 Arg options for field 'port': {'required': False, 'dest': 'robot.port', 'default': None, 'help': 'Port to connect to the arm', 'type': <class 'str'>}
DEBUG 2026-06-09 15:34:10 _wrapper.py:309 Arg options for field 'disable_torque_on_disconnect': {'required': False, 'dest': 'robot.disable_torque_on_disconnect', 'default': True, 'help': ' ', 'type': <class 'bool'>}
DEBUG 2026-06-09 15:34:10 _wrapper.py:309 Arg options for field 'max_relative_target': {'required': False, 'dest': 'robot.max_relative_target', 'default': None, 'help': '`max_relative_target` limits the magnitude of the relative positional target vector for safety purposes.\nSet this to a positive scalar to have the same value for all motors, or a dictionary that maps motor\nnames to the max_relative_target value for that motor.', 'type': typing.Union[float, typing.Dict[str, float], NoneType]}
DEBUG 2026-06-09 15:34:10 _wrapper.py:309 Arg options for field 'cameras': {'required': False, 'dest': 'robot.cameras', 'default': {}, 'help': 'cameras', 'type': typing.Dict[str, lerobot.cameras.configs.CameraConfig]}
DEBUG 2026-06-09 15:34:10 _wrapper.py:309 Arg options for field 'use_degrees': {'required': False, 'dest': 'robot.use_degrees', 'default': False, 'help': 'Set to `True` for backward compatibility with previous policies/dataset', 'type': <class 'bool'>}
DEBUG 2026-06-09 15:34:10 _wrapper.py:309 Arg options for field 'id': {'required': False, 'dest': 'robot.id', 'default': None, 'help': 'Allows to distinguish between different robots of the same type', 'type': typing.Optional[str]}
DEBUG 2026-06-09 15:34:10 _wrapper.py:309 Arg options for field 'calibration_dir': {'required': False, 'dest': 'robot.calibration_dir', 'default': None, 'help': 'Directory to store calibration file', 'type': typing.Optional[pathlib.Path]}
DEBUG 2026-06-09 15:34:10 _wrapper.py:309 Arg options for field 'port': {'required': False, 'dest': 'robot.port', 'default': None, 'help': 'Port to connect to the arm', 'type': <class 'str'>}
DEBUG 2026-06-09 15:34:10 _wrapper.py:309 Arg options for field 'disable_torque_on_disconnect': {'required': False, 'dest': 'robot.disable_torque_on_disconnect', 'default': True, 'help': ' ', 'type': <class 'bool'>}
DEBUG 2026-06-09 15:34:10 _wrapper.py:309 Arg options for field 'max_relative_target': {'required': False, 'dest': 'robot.max_relative_target', 'default': None, 'help': '`max_relative_target` limits the magnitude of the relative positional target vector for safety purposes.\nSet this to a positive scalar to have the same value for all motors, or a dictionary that maps motor\nnames to the max_relative_target value for that motor.', 'type': typing.Union[float, typing.Dict[str, float], NoneType]}
DEBUG 2026-06-09 15:34:10 _wrapper.py:309 Arg options for field 'cameras': {'required': False, 'dest': 'robot.cameras', 'default': {}, 'help': 'cameras', 'type': typing.Dict[str, lerobot.cameras.configs.CameraConfig]}
DEBUG 2026-06-09 15:34:10 _wrapper.py:309 Arg options for field 'use_degrees': {'required': False, 'dest': 'robot.use_degrees', 'default': False, 'help': 'Set to `True` for backward compatibility with previous policies/dataset', 'type': <class 'bool'>}
DEBUG 2026-06-09 15:34:10 _wrapper.py:309 Arg options for field 'actions_per_chunk': {'required': False, 'dest': 'actions_per_chunk', 'default': None, 'help': 'Policies typically output K actions at max, but we can use less to avoid wasting bandwidth (as actions\nwould be aggregated on the client side anyway, depending on the value of `chunk_size_threshold`)', 'type': <class 'int'>}
DEBUG 2026-06-09 15:34:10 _wrapper.py:309 Arg options for field 'task': {'required': False, 'dest': 'task', 'default': '', 'help': "Task instruction for the robot to execute (e.g., 'fold my tshirt')", 'type': <class 'str'>}
DEBUG 2026-06-09 15:34:10 _wrapper.py:309 Arg options for field 'server_address': {'required': False, 'dest': 'server_address', 'default': 'localhost:8080', 'help': 'Network configuration', 'type': <class 'str'>}
DEBUG 2026-06-09 15:34:10 _wrapper.py:309 Arg options for field 'policy_device': {'required': False, 'dest': 'policy_device', 'default': 'cpu', 'help': 'Device configuration', 'type': <class 'str'>}
DEBUG 2026-06-09 15:34:10 ocstring.py:253 Warning: Unable to parse attribute docstring:         default="cpu",
DEBUG 2026-06-09 15:34:10 _wrapper.py:309 Arg options for field 'client_device': {'required': False, 'dest': 'client_device', 'default': 'cpu', 'help': ' ', 'type': <class 'str'>}
DEBUG 2026-06-09 15:34:10 _wrapper.py:309 Arg options for field 'chunk_size_threshold': {'required': False, 'dest': 'chunk_size_threshold', 'default': 0.5, 'help': '\n\nControl behavior configuration', 'type': <class 'float'>}
DEBUG 2026-06-09 15:34:10 _wrapper.py:309 Arg options for field 'fps': {'required': False, 'dest': 'fps', 'default': 30, 'help': ' ', 'type': <class 'int'>}
DEBUG 2026-06-09 15:34:10 ocstring.py:253 Warning: Unable to parse attribute docstring:         default="weighted_average",
DEBUG 2026-06-09 15:34:10 _wrapper.py:309 Arg options for field 'aggregate_fn_name': {'required': False, 'dest': 'aggregate_fn_name', 'default': 'weighted_average', 'help': 'Aggregate function configuration (CLI-compatible)', 'type': <class 'str'>}
DEBUG 2026-06-09 15:34:10 ocstring.py:253 Warning: Unable to parse attribute docstring:         default=False, metadata={"help": "Visualize the action queue size"}
DEBUG 2026-06-09 15:34:10 _wrapper.py:309 Arg options for field 'debug_visualize_queue_size': {'required': False, 'dest': 'debug_visualize_queue_size', 'default': False, 'help': '\n\n\nDebug configuration', 'type': <class 'bool'>}
DEBUG 2026-06-09 15:34:10 gparsing.py:143 
POST PROCESSING

DEBUG 2026-06-09 15:34:10 gparsing.py:144 (raw) parsed args: Namespace(task='Pick up the cup by the cup handle using the left arm', server_address='10.145.8.86:8080', policy_type='', pretrained_name_or_path='oliveoil8888/-pick-up-cup-left-recoveries', policy_device='cuda', actions_per_chunk='16', debug_visualize_queue_size='true', **{'robot.type': 'bi_so_follower', 'robot.left_arm_config.port': '/dev/follower_left', 'robot.right_arm_config.port': '/dev/follower_right', 'robot.id': 'follower', 'robot.top_cameras': '{ top_realsense_color: {type: opencv, index_or_path: /dev/video4, width: 640, height: 480, fps: 30}, top_realsense_depth: {type: opencv, index_or_path: /dev/video2, width: 640, height: 480, fps: 30}, top_webcam: {type: opencv, index_or_path: /dev/video6, width: 640, height: 480, fps: 30}}', 'robot.right_arm_config.cameras': '{ wrist: {type: opencv, index_or_path: /dev/wrist_right, width: 640, height: 480, fps: 30}}', 'robot.left_arm_config.cameras': '{ wrist:  {type: opencv, index_or_path: /dev/wrist_left,  width: 640, height: 480, fps: 30}}'})
DEBUG 2026-06-09 15:34:10 decoding.py:112 from_dict for <class 'lerobot.async_inference.configs.RobotClientConfig'>
DEBUG 2026-06-09 15:34:10 decoding.py:132 Decode name = policy_type, type = <class 'str'>
DEBUG 2026-06-09 15:34:10 decoding.py:132 Decode name = pretrained_name_or_path, type = <class 'str'>
DEBUG 2026-06-09 15:34:10 decoding.py:132 Decode name = robot, type = <class 'lerobot.robots.config.RobotConfig'>
DEBUG 2026-06-09 15:34:10 decoding.py:112 from_dict for <class 'lerobot.robots.bi_so_follower.config_bi_so_follower.BiSOFollowerConfig'>
DEBUG 2026-06-09 15:34:10 decoding.py:132 Decode name = id, type = typing.Optional[str]
DEBUG 2026-06-09 15:34:10 decoding.py:293 Decoding a Union field: typing.Optional[str]
DEBUG 2026-06-09 15:34:10 decoding.py:132 Decode name = left_arm_config, type = <class 'lerobot.robots.so_follower.config_so_follower.SOFollowerConfig'>
DEBUG 2026-06-09 15:34:10 decoding.py:112 from_dict for <class 'lerobot.robots.so_follower.config_so_follower.SOFollowerConfig'>
DEBUG 2026-06-09 15:34:10 decoding.py:132 Decode name = port, type = <class 'str'>
DEBUG 2026-06-09 15:34:10 decoding.py:132 Decode name = cameras, type = dict[str, lerobot.cameras.configs.CameraConfig]
DEBUG 2026-06-09 15:34:10 decoding.py:261 Decoding a Dict field: dict[str, lerobot.cameras.configs.CameraConfig]
DEBUG 2026-06-09 15:34:10 decoding.py:112 from_dict for <class 'lerobot.cameras.opencv.configuration_opencv.OpenCVCameraConfig'>
DEBUG 2026-06-09 15:34:10 decoding.py:132 Decode name = fps, type = typing.Optional[int]
DEBUG 2026-06-09 15:34:10 decoding.py:293 Decoding a Union field: typing.Optional[int]
DEBUG 2026-06-09 15:34:10 decoding.py:132 Decode name = width, type = typing.Optional[int]
DEBUG 2026-06-09 15:34:10 decoding.py:132 Decode name = height, type = typing.Optional[int]
DEBUG 2026-06-09 15:34:10 decoding.py:132 Decode name = index_or_path, type = typing.Union[int, pathlib.Path]
DEBUG 2026-06-09 15:34:10 decoding.py:293 Decoding a Union field: typing.Union[int, pathlib.Path]
DEBUG 2026-06-09 15:34:10 decoding.py:132 Decode name = right_arm_config, type = <class 'lerobot.robots.so_follower.config_so_follower.SOFollowerConfig'>
DEBUG 2026-06-09 15:34:10 decoding.py:112 from_dict for <class 'lerobot.robots.so_follower.config_so_follower.SOFollowerConfig'>
DEBUG 2026-06-09 15:34:10 decoding.py:132 Decode name = port, type = <class 'str'>
DEBUG 2026-06-09 15:34:10 decoding.py:132 Decode name = cameras, type = dict[str, lerobot.cameras.configs.CameraConfig]
DEBUG 2026-06-09 15:34:10 decoding.py:112 from_dict for <class 'lerobot.cameras.opencv.configuration_opencv.OpenCVCameraConfig'>
DEBUG 2026-06-09 15:34:10 decoding.py:132 Decode name = fps, type = typing.Optional[int]
DEBUG 2026-06-09 15:34:10 decoding.py:132 Decode name = width, type = typing.Optional[int]
DEBUG 2026-06-09 15:34:10 decoding.py:132 Decode name = height, type = typing.Optional[int]
DEBUG 2026-06-09 15:34:10 decoding.py:132 Decode name = index_or_path, type = typing.Union[int, pathlib.Path]
DEBUG 2026-06-09 15:34:10 decoding.py:132 Decode name = top_cameras, type = dict[str, lerobot.cameras.configs.CameraConfig]
DEBUG 2026-06-09 15:34:10 decoding.py:112 from_dict for <class 'lerobot.cameras.opencv.configuration_opencv.OpenCVCameraConfig'>
DEBUG 2026-06-09 15:34:10 decoding.py:132 Decode name = fps, type = typing.Optional[int]
DEBUG 2026-06-09 15:34:10 decoding.py:132 Decode name = width, type = typing.Optional[int]
DEBUG 2026-06-09 15:34:10 decoding.py:132 Decode name = height, type = typing.Optional[int]
DEBUG 2026-06-09 15:34:10 decoding.py:132 Decode name = index_or_path, type = typing.Union[int, pathlib.Path]
DEBUG 2026-06-09 15:34:10 decoding.py:112 from_dict for <class 'lerobot.cameras.opencv.configuration_opencv.OpenCVCameraConfig'>
DEBUG 2026-06-09 15:34:10 decoding.py:132 Decode name = fps, type = typing.Optional[int]
DEBUG 2026-06-09 15:34:10 decoding.py:132 Decode name = width, type = typing.Optional[int]
DEBUG 2026-06-09 15:34:10 decoding.py:132 Decode name = height, type = typing.Optional[int]
DEBUG 2026-06-09 15:34:10 decoding.py:132 Decode name = index_or_path, type = typing.Union[int, pathlib.Path]
DEBUG 2026-06-09 15:34:10 decoding.py:112 from_dict for <class 'lerobot.cameras.opencv.configuration_opencv.OpenCVCameraConfig'>
DEBUG 2026-06-09 15:34:10 decoding.py:132 Decode name = fps, type = typing.Optional[int]
DEBUG 2026-06-09 15:34:10 decoding.py:132 Decode name = width, type = typing.Optional[int]
DEBUG 2026-06-09 15:34:10 decoding.py:132 Decode name = height, type = typing.Optional[int]
DEBUG 2026-06-09 15:34:10 decoding.py:132 Decode name = index_or_path, type = typing.Union[int, pathlib.Path]
DEBUG 2026-06-09 15:34:10 decoding.py:132 Decode name = actions_per_chunk, type = <class 'int'>
DEBUG 2026-06-09 15:34:10 decoding.py:132 Decode name = task, type = <class 'str'>
DEBUG 2026-06-09 15:34:10 decoding.py:132 Decode name = server_address, type = <class 'str'>
DEBUG 2026-06-09 15:34:10 decoding.py:132 Decode name = policy_device, type = <class 'str'>
DEBUG 2026-06-09 15:34:10 decoding.py:132 Decode name = debug_visualize_queue_size, type = <class 'bool'>
